// Vitest Snapshot v1, https://vitest.dev/guide/snapshot.html

exports[`compileChapterInserts — golden request snapshot > emits a stable, reviewable Request[] for theme + insert phases 1`] = `
{
  "insertRequests": [
    {
      "insertText": {
        "endOfSegmentLocation": {
          "tabId": "t.golden",
        },
        "text": "Chapter One
Overview
A paragraph with bold, italic, inline code, and a link.
Nested list
top item
	nested item
back to top
A rule follows
 
Fenced code
def f(x):    return x + 1
A small table",
      },
    },
    {
      "insertTable": {
        "columns": 2,
        "endOfSegmentLocation": {
          "tabId": "t.golden",
        },
        "rows": 3,
      },
    },
    {
      "insertText": {
        "endOfSegmentLocation": {
          "tabId": "t.golden",
        },
        "text": "A quoted note
A single-level blockquote with bold inside it.
A nested quote, one level deeper.
An unlabeled fence
INITIALIZE → VALIDATE → END",
      },
    },
  ],
  "segments": [
    {
      "codeBlockIndices": [
        10,
      ],
      "kind": "text",
      "listRuns": [
        {
          "end": 7,
          "ordered": false,
          "start": 4,
        },
      ],
      "quoteRuns": [],
      "ruleIndices": [
        8,
      ],
      "textBlocks": [
        {
          "runs": [
            {
              "kind": "text",
              "text": "Chapter One",
            },
          ],
          "style": "HEADING_1",
        },
        {
          "runs": [
            {
              "kind": "text",
              "text": "Overview",
            },
          ],
          "style": "HEADING_2",
        },
        {
          "runs": [
            {
              "kind": "text",
              "text": "A paragraph with ",
            },
            {
              "children": [
                {
                  "kind": "text",
                  "text": "bold",
                },
              ],
              "kind": "bold",
            },
            {
              "kind": "text",
              "text": ", ",
            },
            {
              "children": [
                {
                  "kind": "text",
                  "text": "italic",
                },
              ],
              "kind": "italic",
            },
            {
              "kind": "text",
              "text": ", ",
            },
            {
              "kind": "code",
              "text": "inline code",
            },
            {
              "kind": "text",
              "text": ", and a ",
            },
            {
              "children": [
                {
                  "kind": "text",
                  "text": "link",
                },
              ],
              "href": "https://example.com/x",
              "kind": "link",
            },
            {
              "kind": "text",
              "text": ".",
            },
          ],
          "style": "NORMAL_TEXT",
        },
        {
          "runs": [
            {
              "kind": "text",
              "text": "Nested list",
            },
          ],
          "style": "HEADING_3",
        },
        {
          "runs": [
            {
              "kind": "text",
              "text": "top item",
            },
          ],
          "style": "NORMAL_TEXT",
        },
        {
          "runs": [
            {
              "kind": "text",
              "text": "	",
            },
            {
              "kind": "text",
              "text": "nested item",
            },
          ],
          "style": "NORMAL_TEXT",
        },
        {
          "runs": [
            {
              "kind": "text",
              "text": "back to top",
            },
          ],
          "style": "NORMAL_TEXT",
        },
        {
          "runs": [
            {
              "kind": "text",
              "text": "A rule follows",
            },
          ],
          "style": "HEADING_2",
        },
        {
          "runs": [
            {
              "kind": "text",
              "text": " ",
            },
          ],
          "style": "NORMAL_TEXT",
        },
        {
          "runs": [
            {
              "kind": "text",
              "text": "Fenced code",
            },
          ],
          "style": "HEADING_2",
        },
        {
          "runs": [
            {
              "kind": "text",
              "text": "def f(x):",
            },
            {
              "kind": "break",
            },
            {
              "kind": "text",
              "text": "    return x + 1",
            },
          ],
          "style": "NORMAL_TEXT",
        },
        {
          "runs": [
            {
              "kind": "text",
              "text": "A small table",
            },
          ],
          "style": "HEADING_2",
        },
      ],
    },
    {
      "kind": "table",
      "table": {
        "align": [
          undefined,
          undefined,
        ],
        "kind": "table",
        "rows": [
          [
            [
              {
                "kind": "text",
                "text": "Name",
              },
            ],
            [
              {
                "kind": "text",
                "text": "Kind",
              },
            ],
          ],
          [
            [
              {
                "kind": "text",
                "text": "a",
              },
            ],
            [
              {
                "kind": "text",
                "text": "one",
              },
            ],
          ],
          [
            [
              {
                "kind": "text",
                "text": "b",
              },
            ],
            [
              {
                "kind": "text",
                "text": "two",
              },
            ],
          ],
        ],
      },
    },
    {
      "codeBlockIndices": [
        4,
      ],
      "kind": "text",
      "listRuns": [],
      "quoteRuns": [
        {
          "depth": 2,
          "end": 3,
          "start": 2,
        },
        {
          "depth": 1,
          "end": 3,
          "start": 1,
        },
      ],
      "ruleIndices": [],
      "textBlocks": [
        {
          "runs": [
            {
              "kind": "text",
              "text": "A quoted note",
            },
          ],
          "style": "HEADING_2",
        },
        {
          "runs": [
            {
              "kind": "text",
              "text": "A single-level blockquote with ",
            },
            {
              "children": [
                {
                  "kind": "text",
                  "text": "bold",
                },
              ],
              "kind": "bold",
            },
            {
              "kind": "text",
              "text": " inside it.",
            },
          ],
          "style": "NORMAL_TEXT",
        },
        {
          "runs": [
            {
              "kind": "text",
              "text": "A nested quote, one level deeper.",
            },
          ],
          "style": "NORMAL_TEXT",
        },
        {
          "runs": [
            {
              "kind": "text",
              "text": "An unlabeled fence",
            },
          ],
          "style": "HEADING_2",
        },
        {
          "runs": [
            {
              "kind": "text",
              "text": "INITIALIZE → VALIDATE → END",
            },
          ],
          "style": "NORMAL_TEXT",
        },
      ],
    },
  ],
  "themeRequests": [
    {
      "updateDocumentStyle": {
        "documentStyle": {
          "marginBottom": {
            "magnitude": 60,
            "unit": "PT",
          },
          "marginLeft": {
            "magnitude": 54,
            "unit": "PT",
          },
          "marginRight": {
            "magnitude": 54,
            "unit": "PT",
          },
          "marginTop": {
            "magnitude": 60,
            "unit": "PT",
          },
        },
        "fields": "margin_top,margin_bottom,margin_left,margin_right",
        "tabId": "t.golden",
      },
    },
    {
      "updateNamedStyle": {
        "fields": "named_style_type,text_style.weighted_font_family,text_style.font_size,text_style.bold,text_style.italic,text_style.foreground_color,paragraph_style.space_above,paragraph_style.space_below,paragraph_style.line_spacing,paragraph_style.alignment,paragraph_style.indent_end",
        "namedStyle": {
          "namedStyleType": "TITLE",
          "paragraphStyle": {
            "alignment": "START",
            "indentEnd": {
              "magnitude": 72,
              "unit": "PT",
            },
            "lineSpacing": 100,
            "spaceAbove": {
              "magnitude": 0,
              "unit": "PT",
            },
            "spaceBelow": {
              "magnitude": 6,
              "unit": "PT",
            },
          },
          "textStyle": {
            "bold": true,
            "fontSize": {
              "magnitude": 26,
              "unit": "PT",
            },
            "foregroundColor": {
              "color": {
                "rgbColor": {
                  "blue": 0.102,
                  "green": 0.102,
                  "red": 0.102,
                },
              },
            },
            "italic": false,
            "weightedFontFamily": {
              "fontFamily": "Inter",
              "weight": 400,
            },
          },
        },
        "tabId": "t.golden",
      },
    },
    {
      "updateNamedStyle": {
        "fields": "named_style_type,text_style.weighted_font_family,text_style.font_size,text_style.bold,text_style.italic,text_style.foreground_color,paragraph_style.space_above,paragraph_style.space_below,paragraph_style.line_spacing,paragraph_style.alignment,paragraph_style.indent_end",
        "namedStyle": {
          "namedStyleType": "SUBTITLE",
          "paragraphStyle": {
            "alignment": "START",
            "indentEnd": {
              "magnitude": 72,
              "unit": "PT",
            },
            "lineSpacing": 100,
            "spaceAbove": {
              "magnitude": 0,
              "unit": "PT",
            },
            "spaceBelow": {
              "magnitude": 24,
              "unit": "PT",
            },
          },
          "textStyle": {
            "bold": false,
            "fontSize": {
              "magnitude": 14,
              "unit": "PT",
            },
            "foregroundColor": {
              "color": {
                "rgbColor": {
                  "blue": 0.4078,
                  "green": 0.3882,
                  "red": 0.3725,
                },
              },
            },
            "italic": true,
            "weightedFontFamily": {
              "fontFamily": "Source Serif Pro",
              "weight": 400,
            },
          },
        },
        "tabId": "t.golden",
      },
    },
    {
      "updateNamedStyle": {
        "fields": "named_style_type,text_style.weighted_font_family,text_style.font_size,text_style.bold,text_style.italic,text_style.foreground_color,paragraph_style.space_above,paragraph_style.space_below,paragraph_style.line_spacing,paragraph_style.keep_with_next,paragraph_style.indent_end",
        "namedStyle": {
          "namedStyleType": "HEADING_1",
          "paragraphStyle": {
            "indentEnd": {
              "magnitude": 72,
              "unit": "PT",
            },
            "keepWithNext": true,
            "lineSpacing": 100,
            "spaceAbove": {
              "magnitude": 24,
              "unit": "PT",
            },
            "spaceBelow": {
              "magnitude": 8,
              "unit": "PT",
            },
          },
          "textStyle": {
            "bold": true,
            "fontSize": {
              "magnitude": 19,
              "unit": "PT",
            },
            "foregroundColor": {
              "color": {
                "rgbColor": {
                  "blue": 0.102,
                  "green": 0.102,
                  "red": 0.102,
                },
              },
            },
            "italic": false,
            "weightedFontFamily": {
              "fontFamily": "Inter",
              "weight": 400,
            },
          },
        },
        "tabId": "t.golden",
      },
    },
    {
      "updateNamedStyle": {
        "fields": "named_style_type,text_style.weighted_font_family,text_style.font_size,text_style.bold,text_style.italic,text_style.foreground_color,paragraph_style.space_above,paragraph_style.space_below,paragraph_style.line_spacing,paragraph_style.keep_with_next,paragraph_style.indent_end",
        "namedStyle": {
          "namedStyleType": "HEADING_2",
          "paragraphStyle": {
            "indentEnd": {
              "magnitude": 72,
              "unit": "PT",
            },
            "keepWithNext": true,
            "lineSpacing": 100,
            "spaceAbove": {
              "magnitude": 18,
              "unit": "PT",
            },
            "spaceBelow": {
              "magnitude": 6,
              "unit": "PT",
            },
          },
          "textStyle": {
            "bold": true,
            "fontSize": {
              "magnitude": 15,
              "unit": "PT",
            },
            "foregroundColor": {
              "color": {
                "rgbColor": {
                  "blue": 0.102,
                  "green": 0.102,
                  "red": 0.102,
                },
              },
            },
            "italic": false,
            "weightedFontFamily": {
              "fontFamily": "Inter",
              "weight": 400,
            },
          },
        },
        "tabId": "t.golden",
      },
    },
    {
      "updateNamedStyle": {
        "fields": "named_style_type,text_style.weighted_font_family,text_style.font_size,text_style.bold,text_style.italic,text_style.foreground_color,paragraph_style.space_above,paragraph_style.space_below,paragraph_style.line_spacing,paragraph_style.keep_with_next,paragraph_style.indent_end",
        "namedStyle": {
          "namedStyleType": "HEADING_3",
          "paragraphStyle": {
            "indentEnd": {
              "magnitude": 72,
              "unit": "PT",
            },
            "keepWithNext": true,
            "lineSpacing": 100,
            "spaceAbove": {
              "magnitude": 14,
              "unit": "PT",
            },
            "spaceBelow": {
              "magnitude": 4,
              "unit": "PT",
            },
          },
          "textStyle": {
            "bold": true,
            "fontSize": {
              "magnitude": 12.5,
              "unit": "PT",
            },
            "foregroundColor": {
              "color": {
                "rgbColor": {
                  "blue": 0.2627,
                  "green": 0.251,
                  "red": 0.2353,
                },
              },
            },
            "italic": false,
            "weightedFontFamily": {
              "fontFamily": "Inter",
              "weight": 400,
            },
          },
        },
        "tabId": "t.golden",
      },
    },
    {
      "updateNamedStyle": {
        "fields": "named_style_type,text_style.weighted_font_family,text_style.font_size,text_style.bold,text_style.italic,text_style.foreground_color,paragraph_style.space_above,paragraph_style.space_below,paragraph_style.line_spacing,paragraph_style.alignment,paragraph_style.indent_end",
        "namedStyle": {
          "namedStyleType": "NORMAL_TEXT",
          "paragraphStyle": {
            "alignment": "START",
            "indentEnd": {
              "magnitude": 72,
              "unit": "PT",
            },
            "lineSpacing": 115,
            "spaceAbove": {
              "magnitude": 0,
              "unit": "PT",
            },
            "spaceBelow": {
              "magnitude": 10,
              "unit": "PT",
            },
          },
          "textStyle": {
            "bold": false,
            "fontSize": {
              "magnitude": 11,
              "unit": "PT",
            },
            "foregroundColor": {
              "color": {
                "rgbColor": {
                  "blue": 0.1412,
                  "green": 0.1294,
                  "red": 0.1255,
                },
              },
            },
            "italic": false,
            "weightedFontFamily": {
              "fontFamily": "Source Serif Pro",
              "weight": 400,
            },
          },
        },
        "tabId": "t.golden",
      },
    },
  ],
}
`;
